src/app.ts(5,21): error TS7016: Could not find a declaration file for module 'express-session'. 'D:/Amritesh Singh/Projects/Cold Mail House/backend/node_modules/express-session/index.js' implicitly has an 'any' type.
  Try `npm i --save-dev @types/express-session` if it exists or add a new declaration (.d.ts) file containing `declare module 'express-session';`
src/app.ts(6,22): error TS7016: Could not find a declaration file for module 'passport'. 'D:/Amritesh Singh/Projects/Cold Mail House/backend/node_modules/passport/lib/index.js' implicitly has an 'any' type.
  Try `npm i --save-dev @types/passport` if it exists or add a new declaration (.d.ts) file containing `declare module 'passport';`
src/app.ts(7,23): error TS7016: Could not find a declaration file for module 'connect-pg-simple'. 'D:/Amritesh Singh/Projects/Cold Mail House/backend/node_modules/connect-pg-simple/index.js' implicitly has an 'any' type.
  Try `npm i --save-dev @types/connect-pg-simple` if it exists or add a new declaration (.d.ts) file containing `declare module 'connect-pg-simple';`
src/config/passport.ts(2,22): error TS7016: Could not find a declaration file for module 'passport'. 'D:/Amritesh Singh/Projects/Cold Mail House/backend/node_modules/passport/lib/index.js' implicitly has an 'any' type.
  Try `npm i --save-dev @types/passport` if it exists or add a new declaration (.d.ts) file containing `declare module 'passport';`
src/config/passport.ts(3,44): error TS7016: Could not find a declaration file for module 'passport-google-oauth20'. 'D:/Amritesh Singh/Projects/Cold Mail House/backend/node_modules/passport-google-oauth20/lib/index.js' implicitly has an 'any' type.
  Try `npm i --save-dev @types/passport-google-oauth20` if it exists or add a new declaration (.d.ts) file containing `declare module 'passport-google-oauth20';`
src/config/passport.ts(7,36): error TS7006: Parameter 'done' implicitly has an 'any' type.
src/config/passport.ts(11,45): error TS7006: Parameter 'done' implicitly has an 'any' type.
src/controllers/authController.ts(9,26): error TS2339: Property 'user' does not exist on type 'Request<ParamsDictionary, any, any, ParsedQs, Record<string, any>>'.
src/controllers/authController.ts(16,9): error TS2339: Property 'logout' does not exist on type 'Request<ParamsDictionary, any, any, ParsedQs, Record<string, any>>'.
src/controllers/authController.ts(16,17): error TS7006: Parameter 'err' implicitly has an 'any' type.
src/middleware/authMiddleware.ts(12,13): error TS2339: Property 'isAuthenticated' does not exist on type 'Request<ParamsDictionary, any, any, ParsedQs, Record<string, any>>'.
src/routes/authRoutes.ts(3,22): error TS7016: Could not find a declaration file for module 'passport'. 'D:/Amritesh Singh/Projects/Cold Mail House/backend/node_modules/passport/lib/index.js' implicitly has an 'any' type.
  Try `npm i --save-dev @types/passport` if it exists or add a new declaration (.d.ts) file containing `declare module 'passport';`
